// Jest Snapshot v1, https://goo.gl/fbAQLP

exports[`index renders 1`] = `
<main
  className="main"
>
  <div
    className="result result"
    data-testid="result"
  >
    42
  </div>
  <button
    className="mdc-button mdc-button--outlined keypadButton"
    data-testid="keypad-1"
    onClick={[Function]}
    style={
      Object {
        "gridArea": "keypad-1",
      }
    }
  >
    <span
      className="mdc-button__ripple"
    />
    <span
      className="mdc-button__label"
    >
      1
    </span>
  </button>
  <button
    className="mdc-button mdc-button--outlined keypadButton"
    data-testid="keypad-2"
    onClick={[Function]}
    style={
      Object {
        "gridArea": "keypad-2",
      }
    }
  >
    <span
      className="mdc-button__ripple"
    />
    <span
      className="mdc-button__label"
    >
      2
    </span>
  </button>
  <button
    className="mdc-button mdc-button--outlined keypadButton"
    data-testid="keypad-3"
    onClick={[Function]}
    style={
      Object {
        "gridArea": "keypad-3",
      }
    }
  >
    <span
      className="mdc-button__ripple"
    />
    <span
      className="mdc-button__label"
    >
      3
    </span>
  </button>
  <button
    className="mdc-button mdc-button--outlined keypadButton"
    data-testid="keypad-4"
    onClick={[Function]}
    style={
      Object {
        "gridArea": "keypad-4",
      }
    }
  >
    <span
      className="mdc-button__ripple"
    />
    <span
      className="mdc-button__label"
    >
      4
    </span>
  </button>
  <button
    className="mdc-button mdc-button--outlined keypadButton"
    data-testid="keypad-5"
    onClick={[Function]}
    style={
      Object {
        "gridArea": "keypad-5",
      }
    }
  >
    <span
      className="mdc-button__ripple"
    />
    <span
      className="mdc-button__label"
    >
      5
    </span>
  </button>
  <button
    className="mdc-button mdc-button--outlined keypadButton"
    data-testid="keypad-6"
    onClick={[Function]}
    style={
      Object {
        "gridArea": "keypad-6",
      }
    }
  >
    <span
      className="mdc-button__ripple"
    />
    <span
      className="mdc-button__label"
    >
      6
    </span>
  </button>
  <button
    className="mdc-button mdc-button--outlined keypadButton"
    data-testid="keypad-7"
    onClick={[Function]}
    style={
      Object {
        "gridArea": "keypad-7",
      }
    }
  >
    <span
      className="mdc-button__ripple"
    />
    <span
      className="mdc-button__label"
    >
      7
    </span>
  </button>
  <button
    className="mdc-button mdc-button--outlined keypadButton"
    data-testid="keypad-8"
    onClick={[Function]}
    style={
      Object {
        "gridArea": "keypad-8",
      }
    }
  >
    <span
      className="mdc-button__ripple"
    />
    <span
      className="mdc-button__label"
    >
      8
    </span>
  </button>
  <button
    className="mdc-button mdc-button--outlined keypadButton"
    data-testid="keypad-9"
    onClick={[Function]}
    style={
      Object {
        "gridArea": "keypad-9",
      }
    }
  >
    <span
      className="mdc-button__ripple"
    />
    <span
      className="mdc-button__label"
    >
      9
    </span>
  </button>
  <button
    className="mdc-button mdc-button--outlined keypadButton"
    data-testid="keypad-decimal"
    onClick={[Function]}
    style={
      Object {
        "gridArea": "keypad-decimal",
      }
    }
  >
    <span
      className="mdc-button__ripple"
    />
    <span
      className="mdc-button__label"
    >
      .
    </span>
  </button>
  <button
    className="mdc-button mdc-button--outlined keypadButton"
    data-testid="keypad-0"
    onClick={[Function]}
    style={
      Object {
        "gridArea": "keypad-0",
      }
    }
  >
    <span
      className="mdc-button__ripple"
    />
    <span
      className="mdc-button__label"
    >
      0
    </span>
  </button>
  <button
    className="mdc-button mdc-button--outlined keypadButton"
    data-testid="keypad-add"
    onClick={[Function]}
    style={
      Object {
        "gridArea": "keypad-add",
      }
    }
  >
    <span
      className="mdc-button__ripple"
    />
    <span
      className="mdc-button__label"
    >
      +
    </span>
  </button>
  <button
    className="mdc-button mdc-button--raised keypadButton"
    data-testid="keypad-equal"
    onClick={[Function]}
    style={
      Object {
        "gridArea": "keypad-equal",
      }
    }
  >
    <span
      className="mdc-button__ripple"
    />
    <span
      className="mdc-button__label"
    >
      =
    </span>
  </button>
</main>
`;
