// Jest Snapshot v1, https://goo.gl/fbAQLP

exports[`index renders 1`] = `
<main
  className="main"
>
  <label
    className="mdc-text-field mdc-text-field--filled mdc-text-field--end-aligned result"
    style={
      Object {
        "gridArea": "result",
      }
    }
  >
    <span
      className="mdc-text-field__ripple"
    />
    <input
      className="mdc-text-field__input resultInput"
      data-testid="result-input"
      onChange={[Function]}
      type="text"
      value=""
    />
    <span
      className="mdc-line-ripple"
    />
  </label>
  <button
    className="mdc-button mdc-button--outlined keypadButton"
    style={
      Object {
        "gridArea": "keypad-1",
      }
    }
  >
    <span
      className="mdc-button__ripple"
    />
    <span
      className="mdc-button__label"
    >
      1
    </span>
  </button>
  <button
    className="mdc-button mdc-button--outlined keypadButton"
    style={
      Object {
        "gridArea": "keypad-2",
      }
    }
  >
    <span
      className="mdc-button__ripple"
    />
    <span
      className="mdc-button__label"
    >
      2
    </span>
  </button>
  <button
    className="mdc-button mdc-button--outlined keypadButton"
    style={
      Object {
        "gridArea": "keypad-3",
      }
    }
  >
    <span
      className="mdc-button__ripple"
    />
    <span
      className="mdc-button__label"
    >
      3
    </span>
  </button>
  <button
    className="mdc-button mdc-button--outlined keypadButton"
    style={
      Object {
        "gridArea": "keypad-4",
      }
    }
  >
    <span
      className="mdc-button__ripple"
    />
    <span
      className="mdc-button__label"
    >
      4
    </span>
  </button>
  <button
    className="mdc-button mdc-button--outlined keypadButton"
    style={
      Object {
        "gridArea": "keypad-5",
      }
    }
  >
    <span
      className="mdc-button__ripple"
    />
    <span
      className="mdc-button__label"
    >
      5
    </span>
  </button>
  <button
    className="mdc-button mdc-button--outlined keypadButton"
    style={
      Object {
        "gridArea": "keypad-6",
      }
    }
  >
    <span
      className="mdc-button__ripple"
    />
    <span
      className="mdc-button__label"
    >
      6
    </span>
  </button>
  <button
    className="mdc-button mdc-button--outlined keypadButton"
    style={
      Object {
        "gridArea": "keypad-7",
      }
    }
  >
    <span
      className="mdc-button__ripple"
    />
    <span
      className="mdc-button__label"
    >
      7
    </span>
  </button>
  <button
    className="mdc-button mdc-button--outlined keypadButton"
    style={
      Object {
        "gridArea": "keypad-8",
      }
    }
  >
    <span
      className="mdc-button__ripple"
    />
    <span
      className="mdc-button__label"
    >
      8
    </span>
  </button>
  <button
    className="mdc-button mdc-button--outlined keypadButton"
    style={
      Object {
        "gridArea": "keypad-9",
      }
    }
  >
    <span
      className="mdc-button__ripple"
    />
    <span
      className="mdc-button__label"
    >
      9
    </span>
  </button>
  <button
    className="mdc-button mdc-button--outlined keypadButton"
    style={
      Object {
        "gridArea": "keypad-add",
      }
    }
  >
    <span
      className="mdc-button__ripple"
    />
    <span
      className="mdc-button__label"
    >
      +
    </span>
  </button>
  <button
    className="mdc-button mdc-button--outlined keypadButton"
    style={
      Object {
        "gridArea": "keypad-0",
      }
    }
  >
    <span
      className="mdc-button__ripple"
    />
    <span
      className="mdc-button__label"
    >
      0
    </span>
  </button>
  <button
    className="mdc-button mdc-button--outlined keypadButton"
    style={
      Object {
        "gridArea": "keypad-decimal",
      }
    }
  >
    <span
      className="mdc-button__ripple"
    />
    <span
      className="mdc-button__label"
    >
      .
    </span>
  </button>
  <button
    className="mdc-button mdc-button--raised keypadButton keypadEqual"
    style={
      Object {
        "gridArea": "keypad-equal",
        "overflow": "hidden",
      }
    }
  >
    <span
      className="mdc-button__ripple"
    />
    <span
      className="mdc-button__label"
    >
      =
    </span>
  </button>
</main>
`;
